Time slot   0
ld_routine
	Loaded a process at input/proc/p0s, PID: 1 PRIO: 0
Time slot   1
	CPU 0: Dispatched process  1
	Loaded a process at input/proc/p1s, PID: 2 PRIO: 15
Time slot   2
	CPU 1: Dispatched process  2
MM64 pid=1 va=0x0 indexes=[0,0,0,0,0] walks=2 accesses=10 bytes=20480
Time slot   3
MM64 pid=1 va=0x0 indexes=[0,0,0,0,0] walks=4 accesses=20 bytes=20480
	Loaded a process at input/proc/p1s, PID: 3 PRIO: 0
Time slot   4
MM64 pid=1 va=0x0 indexes=[0,0,0,0,0] walks=4 accesses=20 bytes=20480
Time slot   5
MM64 pid=1 va=0x0 indexes=[0,0,0,0,0] walks=4 accesses=20 bytes=20480
Time slot   6
MM64 pid=1 va=0x0 indexes=[0,0,0,0,0] walks=6 accesses=30 bytes=20480
	Loaded a process at input/proc/p0s, PID: 4 PRIO: 0
Time slot   7
	CPU 0: Put process  1 to run queue
	CPU 0: Dispatched process  3
Time slot   8
	CPU 1: Put process  2 to run queue
	CPU 1: Dispatched process  4
Time slot   9
MM64 pid=4 va=0x0 indexes=[0,0,0,0,0] walks=2 accesses=10 bytes=20480
Time slot  10
MM64 pid=4 va=0x0 indexes=[0,0,0,0,0] walks=4 accesses=20 bytes=20480
Time slot  11
MM64 pid=4 va=0x0 indexes=[0,0,0,0,0] walks=4 accesses=20 bytes=20480
Time slot  12
MM64 pid=4 va=0x0 indexes=[0,0,0,0,0] walks=4 accesses=20 bytes=20480
Time slot  13
	CPU 0: Put process  3 to run queue
	CPU 0: Dispatched process  1
MM64 pid=1 va=0x0 indexes=[0,0,0,0,0] walks=8 accesses=40 bytes=20480
MM64 pid=4 va=0x0 indexes=[0,0,0,0,0] walks=6 accesses=30 bytes=20480
Time slot  14
	CPU 1: Put process  4 to run queue
	CPU 1: Dispatched process  3
Time slot  15
Time slot  16
Time slot  17
Time slot  18
	CPU 1: Processed  3 has finished
MM64 pid=3 va=0x0 indexes=[0,0,0,0,0] walks=0 accesses=0 bytes=20480
	CPU 1: Dispatched process  4
MM64 pid=4 va=0x0 indexes=[0,0,0,0,0] walks=8 accesses=40 bytes=20480
Time slot  19
	CPU 0: Put process  1 to run queue
	CPU 0: Dispatched process  1
MM64 pid=1 va=0x0 indexes=[0,0,0,0,0] walks=8 accesses=40 bytes=20480
Time slot  20
Time slot  21
	CPU 0: Processed  1 has finished
MM64 pid=1 va=0x0 indexes=[0,0,0,0,0] walks=8 accesses=40 bytes=20480
	CPU 0: Dispatched process  2
Time slot  22
Time slot  23
Time slot  24
	CPU 1: Put process  4 to run queue
	CPU 1: Dispatched process  4
MM64 pid=4 va=0x0 indexes=[0,0,0,0,0] walks=8 accesses=40 bytes=20480
Time slot  25
	CPU 0: Processed  2 has finished
MM64 pid=2 va=0x0 indexes=[0,0,0,0,0] walks=0 accesses=0 bytes=20480
	CPU 0 stopped
Time slot  26
	CPU 1: Processed  4 has finished
MM64 pid=4 va=0x0 indexes=[0,0,0,0,0] walks=8 accesses=40 bytes=20480
	CPU 1 stopped
